Analysis & Elaboration report for FPGA-processor
Wed Sep 30 22:13:15 2026
Quartus Prime Version 18.1.0 Build 625 09/12/2018 SJ Lite Edition


---------------------
; Table of Contents ;
---------------------
  1. Legal Notice
  2. Analysis & Elaboration Summary
  3. Parallel Compilation
  4. Parameter Settings for User Entity Instance: tick_FSM:tick_FSM
  5. Parameter Settings for User Entity Instance: register_n:register_n16
  6. Parameter Settings for User Entity Instance: register_n:register_n32
  7. Analysis & Elaboration Settings
  8. Port Connectivity Checks: "register_n:register_n32"
  9. Port Connectivity Checks: "register_n:register_n16"
 10. Port Connectivity Checks: "multiplexer:multiplexer"
 11. Port Connectivity Checks: "ALU:ALU"
 12. Port Connectivity Checks: "tick_FSM:tick_FSM"
 13. Port Connectivity Checks: "sign_extend:sign_extend"
 14. Analysis & Elaboration Messages



----------------
; Legal Notice ;
----------------
Copyright (C) 2018  Intel Corporation. All rights reserved.
Your use of Intel Corporation's design tools, logic functions 
and other software and tools, and its AMPP partner logic 
functions, and any output files from any of the foregoing 
(including device programming or simulation files), and any 
associated documentation or information are expressly subject 
to the terms and conditions of the Intel Program License 
Subscription Agreement, the Intel Quartus Prime License Agreement,
the Intel FPGA IP License Agreement, or other applicable license
agreement, including, without limitation, that your use is for
the sole purpose of programming logic devices manufactured by
Intel and sold by Intel or its authorized distributors.  Please
refer to the applicable agreement for further details.



+----------------------------------------------------------------------------------+
; Analysis & Elaboration Summary                                                   ;
+------------------------------------+---------------------------------------------+
; Analysis & Elaboration Status      ; Successful - Wed Sep 30 22:13:15 2026       ;
; Quartus Prime Version              ; 18.1.0 Build 625 09/12/2018 SJ Lite Edition ;
; Revision Name                      ; FPGA-processor                              ;
; Top-level Entity Name              ; components_tb                               ;
; Family                             ; MAX 10                                      ;
; Total logic elements               ; N/A until Partition Merge                   ;
;     Total combinational functions  ; N/A until Partition Merge                   ;
;     Dedicated logic registers      ; N/A until Partition Merge                   ;
; Total registers                    ; N/A until Partition Merge                   ;
; Total pins                         ; N/A until Partition Merge                   ;
; Total virtual pins                 ; N/A until Partition Merge                   ;
; Total memory bits                  ; N/A until Partition Merge                   ;
; Embedded Multiplier 9-bit elements ; N/A until Partition Merge                   ;
; Total PLLs                         ; N/A until Partition Merge                   ;
; UFM blocks                         ; N/A until Partition Merge                   ;
; ADC blocks                         ; N/A until Partition Merge                   ;
+------------------------------------+---------------------------------------------+


+------------------------------------------+
; Parallel Compilation                     ;
+----------------------------+-------------+
; Processors                 ; Number      ;
+----------------------------+-------------+
; Number detected on machine ; 12          ;
; Maximum allowed            ; 10          ;
;                            ;             ;
; Average used               ; 1.00        ;
; Maximum used               ; 1           ;
;                            ;             ;
; Usage by Processor         ; % Time Used ;
;     Processor 1            ; 100.0%      ;
+----------------------------+-------------+


+----------------------------------------------------------------+
; Parameter Settings for User Entity Instance: tick_FSM:tick_FSM ;
+----------------+-------+---------------------------------------+
; Parameter Name ; Value ; Type                                  ;
+----------------+-------+---------------------------------------+
; A              ; 0001  ; Unsigned Binary                       ;
; B              ; 0010  ; Unsigned Binary                       ;
; C              ; 0100  ; Unsigned Binary                       ;
; D              ; 1000  ; Unsigned Binary                       ;
+----------------+-------+---------------------------------------+
Note: In order to hide this table in the UI and the text report file, please set the "Show Parameter Settings in Synthesis Report" option in "Analysis and Synthesis Settings -> More Settings" to "Off".


+----------------------------------------------------------------------+
; Parameter Settings for User Entity Instance: register_n:register_n16 ;
+----------------+-------+---------------------------------------------+
; Parameter Name ; Value ; Type                                        ;
+----------------+-------+---------------------------------------------+
; N              ; 16    ; Signed Integer                              ;
+----------------+-------+---------------------------------------------+
Note: In order to hide this table in the UI and the text report file, please set the "Show Parameter Settings in Synthesis Report" option in "Analysis and Synthesis Settings -> More Settings" to "Off".


+----------------------------------------------------------------------+
; Parameter Settings for User Entity Instance: register_n:register_n32 ;
+----------------+-------+---------------------------------------------+
; Parameter Name ; Value ; Type                                        ;
+----------------+-------+---------------------------------------------+
; N              ; 32    ; Signed Integer                              ;
+----------------+-------+---------------------------------------------+
Note: In order to hide this table in the UI and the text report file, please set the "Show Parameter Settings in Synthesis Report" option in "Analysis and Synthesis Settings -> More Settings" to "Off".


+------------------------------------------------------------------------------------------------------------+
; Analysis & Elaboration Settings                                                                            ;
+------------------------------------------------------------------+--------------------+--------------------+
; Option                                                           ; Setting            ; Default Value      ;
+------------------------------------------------------------------+--------------------+--------------------+
; Device                                                           ; 10M50DAF484C7G     ;                    ;
; Top-level entity name                                            ; components_tb      ; FPGA-processor     ;
; Family name                                                      ; MAX 10             ; Cyclone V          ;
; Use smart compilation                                            ; Off                ; Off                ;
; Enable parallel Assembler and Timing Analyzer during compilation ; On                 ; On                 ;
; Enable compact report table                                      ; Off                ; Off                ;
; Restructure Multiplexers                                         ; Auto               ; Auto               ;
; Create Debugging Nodes for IP Cores                              ; Off                ; Off                ;
; Preserve fewer node names                                        ; On                 ; On                 ;
; Intel FPGA IP Evaluation Mode                                    ; Enable             ; Enable             ;
; Verilog Version                                                  ; Verilog_2001       ; Verilog_2001       ;
; VHDL Version                                                     ; VHDL_1993          ; VHDL_1993          ;
; State Machine Processing                                         ; Auto               ; Auto               ;
; Safe State Machine                                               ; Off                ; Off                ;
; Extract Verilog State Machines                                   ; On                 ; On                 ;
; Extract VHDL State Machines                                      ; On                 ; On                 ;
; Ignore Verilog initial constructs                                ; Off                ; Off                ;
; Iteration limit for constant Verilog loops                       ; 5000               ; 5000               ;
; Iteration limit for non-constant Verilog loops                   ; 250                ; 250                ;
; Add Pass-Through Logic to Inferred RAMs                          ; On                 ; On                 ;
; Infer RAMs from Raw Logic                                        ; On                 ; On                 ;
; Parallel Synthesis                                               ; On                 ; On                 ;
; DSP Block Balancing                                              ; Auto               ; Auto               ;
; NOT Gate Push-Back                                               ; On                 ; On                 ;
; Power-Up Don't Care                                              ; On                 ; On                 ;
; Remove Redundant Logic Cells                                     ; Off                ; Off                ;
; Remove Duplicate Registers                                       ; On                 ; On                 ;
; Ignore CARRY Buffers                                             ; Off                ; Off                ;
; Ignore CASCADE Buffers                                           ; Off                ; Off                ;
; Ignore GLOBAL Buffers                                            ; Off                ; Off                ;
; Ignore ROW GLOBAL Buffers                                        ; Off                ; Off                ;
; Ignore LCELL Buffers                                             ; Off                ; Off                ;
; Ignore SOFT Buffers                                              ; On                 ; On                 ;
; Limit AHDL Integers to 32 Bits                                   ; Off                ; Off                ;
; Optimization Technique                                           ; Balanced           ; Balanced           ;
; Carry Chain Length                                               ; 70                 ; 70                 ;
; Auto Carry Chains                                                ; On                 ; On                 ;
; Auto Open-Drain Pins                                             ; On                 ; On                 ;
; Perform WYSIWYG Primitive Resynthesis                            ; Off                ; Off                ;
; Auto ROM Replacement                                             ; On                 ; On                 ;
; Auto RAM Replacement                                             ; On                 ; On                 ;
; Auto DSP Block Replacement                                       ; On                 ; On                 ;
; Auto Shift Register Replacement                                  ; Auto               ; Auto               ;
; Allow Shift Register Merging across Hierarchies                  ; Auto               ; Auto               ;
; Auto Clock Enable Replacement                                    ; On                 ; On                 ;
; Strict RAM Replacement                                           ; Off                ; Off                ;
; Allow Synchronous Control Signals                                ; On                 ; On                 ;
; Force Use of Synchronous Clear Signals                           ; Off                ; Off                ;
; Auto RAM Block Balancing                                         ; On                 ; On                 ;
; Auto RAM to Logic Cell Conversion                                ; Off                ; Off                ;
; Auto Resource Sharing                                            ; Off                ; Off                ;
; Allow Any RAM Size For Recognition                               ; Off                ; Off                ;
; Allow Any ROM Size For Recognition                               ; Off                ; Off                ;
; Allow Any Shift Register Size For Recognition                    ; Off                ; Off                ;
; Use LogicLock Constraints during Resource Balancing              ; On                 ; On                 ;
; Ignore translate_off and synthesis_off directives                ; Off                ; Off                ;
; Timing-Driven Synthesis                                          ; On                 ; On                 ;
; Report Parameter Settings                                        ; On                 ; On                 ;
; Report Source Assignments                                        ; On                 ; On                 ;
; Report Connectivity Checks                                       ; On                 ; On                 ;
; Ignore Maximum Fan-Out Assignments                               ; Off                ; Off                ;
; Synchronization Register Chain Length                            ; 2                  ; 2                  ;
; Power Optimization During Synthesis                              ; Normal compilation ; Normal compilation ;
; HDL message level                                                ; Level2             ; Level2             ;
; Suppress Register Optimization Related Messages                  ; Off                ; Off                ;
; Number of Removed Registers Reported in Synthesis Report         ; 5000               ; 5000               ;
; Number of Swept Nodes Reported in Synthesis Report               ; 5000               ; 5000               ;
; Number of Inverted Registers Reported in Synthesis Report        ; 100                ; 100                ;
; Clock MUX Protection                                             ; On                 ; On                 ;
; Auto Gated Clock Conversion                                      ; Off                ; Off                ;
; Block Design Naming                                              ; Auto               ; Auto               ;
; SDC constraint protection                                        ; Off                ; Off                ;
; Synthesis Effort                                                 ; Auto               ; Auto               ;
; Shift Register Replacement - Allow Asynchronous Clear Signal     ; On                 ; On                 ;
; Pre-Mapping Resynthesis Optimization                             ; Off                ; Off                ;
; Analysis & Synthesis Message Level                               ; Medium             ; Medium             ;
; Disable Register Merging Across Hierarchies                      ; Auto               ; Auto               ;
; Resource Aware Inference For Block RAM                           ; On                 ; On                 ;
+------------------------------------------------------------------+--------------------+--------------------+


+----------------------------------------------------------------------------------------------------------------------+
; Port Connectivity Checks: "register_n:register_n32"                                                                  ;
+------------+--------+----------+-------------------------------------------------------------------------------------+
; Port       ; Type   ; Severity ; Details                                                                             ;
+------------+--------+----------+-------------------------------------------------------------------------------------+
; data_in[6] ; Input  ; Info     ; Stuck at VCC                                                                        ;
; Q          ; Output ; Info     ; Connected to dangling logic. Logic that only feeds a dangling port will be removed. ;
+------------+--------+----------+-------------------------------------------------------------------------------------+


+----------------------------------------------------------------------------------------------------------------------+
; Port Connectivity Checks: "register_n:register_n16"                                                                  ;
+------------+--------+----------+-------------------------------------------------------------------------------------+
; Port       ; Type   ; Severity ; Details                                                                             ;
+------------+--------+----------+-------------------------------------------------------------------------------------+
; data_in[2] ; Input  ; Info     ; Stuck at VCC                                                                        ;
; Q          ; Output ; Info     ; Connected to dangling logic. Logic that only feeds a dangling port will be removed. ;
+------------+--------+----------+-------------------------------------------------------------------------------------+


+-----------------------------------------------------------------------------------------------------------------------------+
; Port Connectivity Checks: "multiplexer:multiplexer"                                                                         ;
+-------------------+--------+----------+-------------------------------------------------------------------------------------+
; Port              ; Type   ; Severity ; Details                                                                             ;
+-------------------+--------+----------+-------------------------------------------------------------------------------------+
; SignExtDin[15..4] ; Input  ; Info     ; Stuck at GND                                                                        ;
; SignExtDin[2..1]  ; Input  ; Info     ; Stuck at GND                                                                        ;
; SignExtDin[3]     ; Input  ; Info     ; Stuck at VCC                                                                        ;
; SignExtDin[0]     ; Input  ; Info     ; Stuck at VCC                                                                        ;
; R0                ; Input  ; Info     ; Stuck at GND                                                                        ;
; R1[15..1]         ; Input  ; Info     ; Stuck at GND                                                                        ;
; R1[0]             ; Input  ; Info     ; Stuck at VCC                                                                        ;
; R2[15..2]         ; Input  ; Info     ; Stuck at GND                                                                        ;
; R2[1]             ; Input  ; Info     ; Stuck at VCC                                                                        ;
; R2[0]             ; Input  ; Info     ; Stuck at GND                                                                        ;
; R3[1..0]          ; Input  ; Info     ; Stuck at VCC                                                                        ;
; R3[15..2]         ; Input  ; Info     ; Stuck at GND                                                                        ;
; R4[15..3]         ; Input  ; Info     ; Stuck at GND                                                                        ;
; R4[1..0]          ; Input  ; Info     ; Stuck at GND                                                                        ;
; R4[2]             ; Input  ; Info     ; Stuck at VCC                                                                        ;
; R5[15..3]         ; Input  ; Info     ; Stuck at GND                                                                        ;
; R5[2]             ; Input  ; Info     ; Stuck at VCC                                                                        ;
; R5[1]             ; Input  ; Info     ; Stuck at GND                                                                        ;
; R5[0]             ; Input  ; Info     ; Stuck at VCC                                                                        ;
; R6[2..1]          ; Input  ; Info     ; Stuck at VCC                                                                        ;
; R6[15..3]         ; Input  ; Info     ; Stuck at GND                                                                        ;
; R6[0]             ; Input  ; Info     ; Stuck at GND                                                                        ;
; R7[2..0]          ; Input  ; Info     ; Stuck at VCC                                                                        ;
; R7[15..3]         ; Input  ; Info     ; Stuck at GND                                                                        ;
; G[15..4]          ; Input  ; Info     ; Stuck at GND                                                                        ;
; G[2..0]           ; Input  ; Info     ; Stuck at GND                                                                        ;
; G[3]              ; Input  ; Info     ; Stuck at VCC                                                                        ;
; Bus               ; Output ; Info     ; Connected to dangling logic. Logic that only feeds a dangling port will be removed. ;
+-------------------+--------+----------+-------------------------------------------------------------------------------------+


+------------------------------------------------------------------------------------------------------------------+
; Port Connectivity Checks: "ALU:ALU"                                                                              ;
+--------+--------+----------+-------------------------------------------------------------------------------------+
; Port   ; Type   ; Severity ; Details                                                                             ;
+--------+--------+----------+-------------------------------------------------------------------------------------+
; result ; Output ; Info     ; Connected to dangling logic. Logic that only feeds a dangling port will be removed. ;
+--------+--------+----------+-------------------------------------------------------------------------------------+


+----------------------------------------------------------------------------------------------------------------+
; Port Connectivity Checks: "tick_FSM:tick_FSM"                                                                  ;
+------+--------+----------+-------------------------------------------------------------------------------------+
; Port ; Type   ; Severity ; Details                                                                             ;
+------+--------+----------+-------------------------------------------------------------------------------------+
; tick ; Output ; Info     ; Connected to dangling logic. Logic that only feeds a dangling port will be removed. ;
+------+--------+----------+-------------------------------------------------------------------------------------+


+----------------------------------------------------------------------------------------------------------------+
; Port Connectivity Checks: "sign_extend:sign_extend"                                                            ;
+------+--------+----------+-------------------------------------------------------------------------------------+
; Port ; Type   ; Severity ; Details                                                                             ;
+------+--------+----------+-------------------------------------------------------------------------------------+
; ext  ; Output ; Info     ; Connected to dangling logic. Logic that only feeds a dangling port will be removed. ;
+------+--------+----------+-------------------------------------------------------------------------------------+


+---------------------------------+
; Analysis & Elaboration Messages ;
+---------------------------------+
Info: *******************************************************************
Info: Running Quartus Prime Analysis & Elaboration
    Info: Version 18.1.0 Build 625 09/12/2018 SJ Lite Edition
    Info: Processing started: Wed Sep 30 22:13:07 2026
Info: Command: quartus_map --read_settings_files=on --write_settings_files=off FPGA-processor -c FPGA-processor --analysis_and_elaboration
Warning (18236): Number of processors has not been specified which may cause overloading on shared machines.  Set the global assignment NUM_PARALLEL_PROCESSORS in your QSF to an appropriate value for best performance.
Info (20030): Parallel compilation is enabled and will use 10 of the 10 processors detected
Info (12021): Found 1 design units, including 1 entities, in source file ece2072_project_skeleton/components_tb.v
    Info (12023): Found entity 1: components_tb File: C:/Users/hovan/Documents/GitHub/hovantproj/FPGA-processor-project/ece2072_project_skeleton/components_tb.v Line: 11
Info (12021): Found 5 design units, including 5 entities, in source file ece2072_project_skeleton/components.v
    Info (12023): Found entity 1: sign_extend File: C:/Users/hovan/Documents/GitHub/hovantproj/FPGA-processor-project/ece2072_project_skeleton/components.v Line: 10
    Info (12023): Found entity 2: tick_FSM File: C:/Users/hovan/Documents/GitHub/hovantproj/FPGA-processor-project/ece2072_project_skeleton/components.v Line: 25
    Info (12023): Found entity 3: multiplexer File: C:/Users/hovan/Documents/GitHub/hovantproj/FPGA-processor-project/ece2072_project_skeleton/components.v Line: 59
    Info (12023): Found entity 4: ALU File: C:/Users/hovan/Documents/GitHub/hovantproj/FPGA-processor-project/ece2072_project_skeleton/components.v Line: 96
    Info (12023): Found entity 5: register_n File: C:/Users/hovan/Documents/GitHub/hovantproj/FPGA-processor-project/ece2072_project_skeleton/components.v Line: 127
Info (12127): Elaborating entity "components_tb" for the top level hierarchy
Warning (10755): Verilog HDL warning at components_tb.v(75): assignments to tick_clk create a combinational loop File: C:/Users/hovan/Documents/GitHub/hovantproj/FPGA-processor-project/ece2072_project_skeleton/components_tb.v Line: 75
Warning (10755): Verilog HDL warning at components_tb.v(75): assignments to reg_clk create a combinational loop File: C:/Users/hovan/Documents/GitHub/hovantproj/FPGA-processor-project/ece2072_project_skeleton/components_tb.v Line: 75
Warning (10762): Verilog HDL Case Statement warning at components_tb.v(84): can't check case statement for completeness because the case expression has too many possible states File: C:/Users/hovan/Documents/GitHub/hovantproj/FPGA-processor-project/ece2072_project_skeleton/components_tb.v Line: 84
Warning (10270): Verilog HDL Case Statement warning at components_tb.v(84): incomplete case statement has no default case item File: C:/Users/hovan/Documents/GitHub/hovantproj/FPGA-processor-project/ece2072_project_skeleton/components_tb.v Line: 84
Warning (10240): Verilog HDL Always Construct warning at components_tb.v(82): inferring latch(es) for variable "sign_ext_in", which holds its previous value in one or more paths through the always construct File: C:/Users/hovan/Documents/GitHub/hovantproj/FPGA-processor-project/ece2072_project_skeleton/components_tb.v Line: 82
Warning (10240): Verilog HDL Always Construct warning at components_tb.v(82): inferring latch(es) for variable "sign_ext_expected", which holds its previous value in one or more paths through the always construct File: C:/Users/hovan/Documents/GitHub/hovantproj/FPGA-processor-project/ece2072_project_skeleton/components_tb.v Line: 82
Warning (10240): Verilog HDL Always Construct warning at components_tb.v(82): inferring latch(es) for variable "errors", which holds its previous value in one or more paths through the always construct File: C:/Users/hovan/Documents/GitHub/hovantproj/FPGA-processor-project/ece2072_project_skeleton/components_tb.v Line: 82
Warning (10762): Verilog HDL Case Statement warning at components_tb.v(118): can't check case statement for completeness because the case expression has too many possible states File: C:/Users/hovan/Documents/GitHub/hovantproj/FPGA-processor-project/ece2072_project_skeleton/components_tb.v Line: 118
Warning (10270): Verilog HDL Case Statement warning at components_tb.v(118): incomplete case statement has no default case item File: C:/Users/hovan/Documents/GitHub/hovantproj/FPGA-processor-project/ece2072_project_skeleton/components_tb.v Line: 118
Warning (10240): Verilog HDL Always Construct warning at components_tb.v(116): inferring latch(es) for variable "tick_rst", which holds its previous value in one or more paths through the always construct File: C:/Users/hovan/Documents/GitHub/hovantproj/FPGA-processor-project/ece2072_project_skeleton/components_tb.v Line: 116
Warning (10240): Verilog HDL Always Construct warning at components_tb.v(116): inferring latch(es) for variable "tick_enable", which holds its previous value in one or more paths through the always construct File: C:/Users/hovan/Documents/GitHub/hovantproj/FPGA-processor-project/ece2072_project_skeleton/components_tb.v Line: 116
Warning (10240): Verilog HDL Always Construct warning at components_tb.v(116): inferring latch(es) for variable "tick_expected", which holds its previous value in one or more paths through the always construct File: C:/Users/hovan/Documents/GitHub/hovantproj/FPGA-processor-project/ece2072_project_skeleton/components_tb.v Line: 116
Warning (10240): Verilog HDL Always Construct warning at components_tb.v(116): inferring latch(es) for variable "errors", which holds its previous value in one or more paths through the always construct File: C:/Users/hovan/Documents/GitHub/hovantproj/FPGA-processor-project/ece2072_project_skeleton/components_tb.v Line: 116
Warning (10762): Verilog HDL Case Statement warning at components_tb.v(163): can't check case statement for completeness because the case expression has too many possible states File: C:/Users/hovan/Documents/GitHub/hovantproj/FPGA-processor-project/ece2072_project_skeleton/components_tb.v Line: 163
Warning (10270): Verilog HDL Case Statement warning at components_tb.v(163): incomplete case statement has no default case item File: C:/Users/hovan/Documents/GitHub/hovantproj/FPGA-processor-project/ece2072_project_skeleton/components_tb.v Line: 163
Warning (10240): Verilog HDL Always Construct warning at components_tb.v(161): inferring latch(es) for variable "alu_op", which holds its previous value in one or more paths through the always construct File: C:/Users/hovan/Documents/GitHub/hovantproj/FPGA-processor-project/ece2072_project_skeleton/components_tb.v Line: 161
Warning (10240): Verilog HDL Always Construct warning at components_tb.v(161): inferring latch(es) for variable "alu_input_a", which holds its previous value in one or more paths through the always construct File: C:/Users/hovan/Documents/GitHub/hovantproj/FPGA-processor-project/ece2072_project_skeleton/components_tb.v Line: 161
Warning (10240): Verilog HDL Always Construct warning at components_tb.v(161): inferring latch(es) for variable "alu_input_b", which holds its previous value in one or more paths through the always construct File: C:/Users/hovan/Documents/GitHub/hovantproj/FPGA-processor-project/ece2072_project_skeleton/components_tb.v Line: 161
Warning (10240): Verilog HDL Always Construct warning at components_tb.v(161): inferring latch(es) for variable "alu_expected", which holds its previous value in one or more paths through the always construct File: C:/Users/hovan/Documents/GitHub/hovantproj/FPGA-processor-project/ece2072_project_skeleton/components_tb.v Line: 161
Warning (10240): Verilog HDL Always Construct warning at components_tb.v(161): inferring latch(es) for variable "errors", which holds its previous value in one or more paths through the always construct File: C:/Users/hovan/Documents/GitHub/hovantproj/FPGA-processor-project/ece2072_project_skeleton/components_tb.v Line: 161
Warning (10230): Verilog HDL assignment warning at components_tb.v(401): truncated value with size 32 to match size of target (4) File: C:/Users/hovan/Documents/GitHub/hovantproj/FPGA-processor-project/ece2072_project_skeleton/components_tb.v Line: 401
Warning (10230): Verilog HDL assignment warning at components_tb.v(407): truncated value with size 32 to match size of target (16) File: C:/Users/hovan/Documents/GitHub/hovantproj/FPGA-processor-project/ece2072_project_skeleton/components_tb.v Line: 407
Warning (10240): Verilog HDL Always Construct warning at components_tb.v(399): inferring latch(es) for variable "sel", which holds its previous value in one or more paths through the always construct File: C:/Users/hovan/Documents/GitHub/hovantproj/FPGA-processor-project/ece2072_project_skeleton/components_tb.v Line: 399
Warning (10240): Verilog HDL Always Construct warning at components_tb.v(399): inferring latch(es) for variable "mult_expected", which holds its previous value in one or more paths through the always construct File: C:/Users/hovan/Documents/GitHub/hovantproj/FPGA-processor-project/ece2072_project_skeleton/components_tb.v Line: 399
Warning (10240): Verilog HDL Always Construct warning at components_tb.v(399): inferring latch(es) for variable "errors", which holds its previous value in one or more paths through the always construct File: C:/Users/hovan/Documents/GitHub/hovantproj/FPGA-processor-project/ece2072_project_skeleton/components_tb.v Line: 399
Warning (10762): Verilog HDL Case Statement warning at components_tb.v(429): can't check case statement for completeness because the case expression has too many possible states File: C:/Users/hovan/Documents/GitHub/hovantproj/FPGA-processor-project/ece2072_project_skeleton/components_tb.v Line: 429
Warning (10270): Verilog HDL Case Statement warning at components_tb.v(429): incomplete case statement has no default case item File: C:/Users/hovan/Documents/GitHub/hovantproj/FPGA-processor-project/ece2072_project_skeleton/components_tb.v Line: 429
Warning (10240): Verilog HDL Always Construct warning at components_tb.v(427): inferring latch(es) for variable "reg_rst", which holds its previous value in one or more paths through the always construct File: C:/Users/hovan/Documents/GitHub/hovantproj/FPGA-processor-project/ece2072_project_skeleton/components_tb.v Line: 427
Warning (10240): Verilog HDL Always Construct warning at components_tb.v(427): inferring latch(es) for variable "reg_data_in16", which holds its previous value in one or more paths through the always construct File: C:/Users/hovan/Documents/GitHub/hovantproj/FPGA-processor-project/ece2072_project_skeleton/components_tb.v Line: 427
Warning (10240): Verilog HDL Always Construct warning at components_tb.v(427): inferring latch(es) for variable "reg_data_in32", which holds its previous value in one or more paths through the always construct File: C:/Users/hovan/Documents/GitHub/hovantproj/FPGA-processor-project/ece2072_project_skeleton/components_tb.v Line: 427
Warning (10240): Verilog HDL Always Construct warning at components_tb.v(427): inferring latch(es) for variable "reg_expected16", which holds its previous value in one or more paths through the always construct File: C:/Users/hovan/Documents/GitHub/hovantproj/FPGA-processor-project/ece2072_project_skeleton/components_tb.v Line: 427
Warning (10240): Verilog HDL Always Construct warning at components_tb.v(427): inferring latch(es) for variable "reg_expected32", which holds its previous value in one or more paths through the always construct File: C:/Users/hovan/Documents/GitHub/hovantproj/FPGA-processor-project/ece2072_project_skeleton/components_tb.v Line: 427
Warning (10240): Verilog HDL Always Construct warning at components_tb.v(427): inferring latch(es) for variable "r_in", which holds its previous value in one or more paths through the always construct File: C:/Users/hovan/Documents/GitHub/hovantproj/FPGA-processor-project/ece2072_project_skeleton/components_tb.v Line: 427
Warning (10240): Verilog HDL Always Construct warning at components_tb.v(427): inferring latch(es) for variable "errors", which holds its previous value in one or more paths through the always construct File: C:/Users/hovan/Documents/GitHub/hovantproj/FPGA-processor-project/ece2072_project_skeleton/components_tb.v Line: 427
Warning (10175): Verilog HDL warning at components_tb.v(505): ignoring unsupported system task File: C:/Users/hovan/Documents/GitHub/hovantproj/FPGA-processor-project/ece2072_project_skeleton/components_tb.v Line: 505
Info (10041): Inferred latch for "r_in" at components_tb.v(427) File: C:/Users/hovan/Documents/GitHub/hovantproj/FPGA-processor-project/ece2072_project_skeleton/components_tb.v Line: 427
Info (10041): Inferred latch for "reg_data_in32[0]" at components_tb.v(427) File: C:/Users/hovan/Documents/GitHub/hovantproj/FPGA-processor-project/ece2072_project_skeleton/components_tb.v Line: 427
Info (10041): Inferred latch for "reg_data_in32[1]" at components_tb.v(427) File: C:/Users/hovan/Documents/GitHub/hovantproj/FPGA-processor-project/ece2072_project_skeleton/components_tb.v Line: 427
Info (10041): Inferred latch for "reg_data_in32[2]" at components_tb.v(427) File: C:/Users/hovan/Documents/GitHub/hovantproj/FPGA-processor-project/ece2072_project_skeleton/components_tb.v Line: 427
Info (10041): Inferred latch for "reg_data_in32[3]" at components_tb.v(427) File: C:/Users/hovan/Documents/GitHub/hovantproj/FPGA-processor-project/ece2072_project_skeleton/components_tb.v Line: 427
Info (10041): Inferred latch for "reg_data_in32[4]" at components_tb.v(427) File: C:/Users/hovan/Documents/GitHub/hovantproj/FPGA-processor-project/ece2072_project_skeleton/components_tb.v Line: 427
Info (10041): Inferred latch for "reg_data_in32[5]" at components_tb.v(427) File: C:/Users/hovan/Documents/GitHub/hovantproj/FPGA-processor-project/ece2072_project_skeleton/components_tb.v Line: 427
Info (10041): Inferred latch for "reg_data_in32[6]" at components_tb.v(427) File: C:/Users/hovan/Documents/GitHub/hovantproj/FPGA-processor-project/ece2072_project_skeleton/components_tb.v Line: 427
Info (10041): Inferred latch for "reg_data_in32[7]" at components_tb.v(427) File: C:/Users/hovan/Documents/GitHub/hovantproj/FPGA-processor-project/ece2072_project_skeleton/components_tb.v Line: 427
Info (10041): Inferred latch for "reg_data_in32[8]" at components_tb.v(427) File: C:/Users/hovan/Documents/GitHub/hovantproj/FPGA-processor-project/ece2072_project_skeleton/components_tb.v Line: 427
Info (10041): Inferred latch for "reg_data_in32[9]" at components_tb.v(427) File: C:/Users/hovan/Documents/GitHub/hovantproj/FPGA-processor-project/ece2072_project_skeleton/components_tb.v Line: 427
Info (10041): Inferred latch for "reg_data_in32[10]" at components_tb.v(427) File: C:/Users/hovan/Documents/GitHub/hovantproj/FPGA-processor-project/ece2072_project_skeleton/components_tb.v Line: 427
Info (10041): Inferred latch for "reg_data_in32[11]" at components_tb.v(427) File: C:/Users/hovan/Documents/GitHub/hovantproj/FPGA-processor-project/ece2072_project_skeleton/components_tb.v Line: 427
Info (10041): Inferred latch for "reg_data_in32[12]" at components_tb.v(427) File: C:/Users/hovan/Documents/GitHub/hovantproj/FPGA-processor-project/ece2072_project_skeleton/components_tb.v Line: 427
Info (10041): Inferred latch for "reg_data_in32[13]" at components_tb.v(427) File: C:/Users/hovan/Documents/GitHub/hovantproj/FPGA-processor-project/ece2072_project_skeleton/components_tb.v Line: 427
Info (10041): Inferred latch for "reg_data_in32[14]" at components_tb.v(427) File: C:/Users/hovan/Documents/GitHub/hovantproj/FPGA-processor-project/ece2072_project_skeleton/components_tb.v Line: 427
Info (10041): Inferred latch for "reg_data_in32[15]" at components_tb.v(427) File: C:/Users/hovan/Documents/GitHub/hovantproj/FPGA-processor-project/ece2072_project_skeleton/components_tb.v Line: 427
Info (10041): Inferred latch for "reg_data_in32[16]" at components_tb.v(427) File: C:/Users/hovan/Documents/GitHub/hovantproj/FPGA-processor-project/ece2072_project_skeleton/components_tb.v Line: 427
Info (10041): Inferred latch for "reg_data_in32[17]" at components_tb.v(427) File: C:/Users/hovan/Documents/GitHub/hovantproj/FPGA-processor-project/ece2072_project_skeleton/components_tb.v Line: 427
Info (10041): Inferred latch for "reg_data_in32[18]" at components_tb.v(427) File: C:/Users/hovan/Documents/GitHub/hovantproj/FPGA-processor-project/ece2072_project_skeleton/components_tb.v Line: 427
Info (10041): Inferred latch for "reg_data_in32[19]" at components_tb.v(427) File: C:/Users/hovan/Documents/GitHub/hovantproj/FPGA-processor-project/ece2072_project_skeleton/components_tb.v Line: 427
Info (10041): Inferred latch for "reg_data_in32[20]" at components_tb.v(427) File: C:/Users/hovan/Documents/GitHub/hovantproj/FPGA-processor-project/ece2072_project_skeleton/components_tb.v Line: 427
Info (10041): Inferred latch for "reg_data_in32[21]" at components_tb.v(427) File: C:/Users/hovan/Documents/GitHub/hovantproj/FPGA-processor-project/ece2072_project_skeleton/components_tb.v Line: 427
Info (10041): Inferred latch for "reg_data_in32[22]" at components_tb.v(427) File: C:/Users/hovan/Documents/GitHub/hovantproj/FPGA-processor-project/ece2072_project_skeleton/components_tb.v Line: 427
Info (10041): Inferred latch for "reg_data_in32[23]" at components_tb.v(427) File: C:/Users/hovan/Documents/GitHub/hovantproj/FPGA-processor-project/ece2072_project_skeleton/components_tb.v Line: 427
Info (10041): Inferred latch for "reg_data_in32[24]" at components_tb.v(427) File: C:/Users/hovan/Documents/GitHub/hovantproj/FPGA-processor-project/ece2072_project_skeleton/components_tb.v Line: 427
Info (10041): Inferred latch for "reg_data_in32[25]" at components_tb.v(427) File: C:/Users/hovan/Documents/GitHub/hovantproj/FPGA-processor-project/ece2072_project_skeleton/components_tb.v Line: 427
Info (10041): Inferred latch for "reg_data_in32[26]" at components_tb.v(427) File: C:/Users/hovan/Documents/GitHub/hovantproj/FPGA-processor-project/ece2072_project_skeleton/components_tb.v Line: 427
Info (10041): Inferred latch for "reg_data_in32[27]" at components_tb.v(427) File: C:/Users/hovan/Documents/GitHub/hovantproj/FPGA-processor-project/ece2072_project_skeleton/components_tb.v Line: 427
Info (10041): Inferred latch for "reg_data_in32[28]" at components_tb.v(427) File: C:/Users/hovan/Documents/GitHub/hovantproj/FPGA-processor-project/ece2072_project_skeleton/components_tb.v Line: 427
Info (10041): Inferred latch for "reg_data_in32[29]" at components_tb.v(427) File: C:/Users/hovan/Documents/GitHub/hovantproj/FPGA-processor-project/ece2072_project_skeleton/components_tb.v Line: 427
Info (10041): Inferred latch for "reg_data_in32[30]" at components_tb.v(427) File: C:/Users/hovan/Documents/GitHub/hovantproj/FPGA-processor-project/ece2072_project_skeleton/components_tb.v Line: 427
Info (10041): Inferred latch for "reg_data_in32[31]" at components_tb.v(427) File: C:/Users/hovan/Documents/GitHub/hovantproj/FPGA-processor-project/ece2072_project_skeleton/components_tb.v Line: 427
Info (10041): Inferred latch for "reg_data_in16[0]" at components_tb.v(427) File: C:/Users/hovan/Documents/GitHub/hovantproj/FPGA-processor-project/ece2072_project_skeleton/components_tb.v Line: 427
Info (10041): Inferred latch for "reg_data_in16[1]" at components_tb.v(427) File: C:/Users/hovan/Documents/GitHub/hovantproj/FPGA-processor-project/ece2072_project_skeleton/components_tb.v Line: 427
Info (10041): Inferred latch for "reg_data_in16[2]" at components_tb.v(427) File: C:/Users/hovan/Documents/GitHub/hovantproj/FPGA-processor-project/ece2072_project_skeleton/components_tb.v Line: 427
Info (10041): Inferred latch for "reg_data_in16[3]" at components_tb.v(427) File: C:/Users/hovan/Documents/GitHub/hovantproj/FPGA-processor-project/ece2072_project_skeleton/components_tb.v Line: 427
Info (10041): Inferred latch for "reg_data_in16[4]" at components_tb.v(427) File: C:/Users/hovan/Documents/GitHub/hovantproj/FPGA-processor-project/ece2072_project_skeleton/components_tb.v Line: 427
Info (10041): Inferred latch for "reg_data_in16[5]" at components_tb.v(427) File: C:/Users/hovan/Documents/GitHub/hovantproj/FPGA-processor-project/ece2072_project_skeleton/components_tb.v Line: 427
Info (10041): Inferred latch for "reg_data_in16[6]" at components_tb.v(427) File: C:/Users/hovan/Documents/GitHub/hovantproj/FPGA-processor-project/ece2072_project_skeleton/components_tb.v Line: 427
Info (10041): Inferred latch for "reg_data_in16[7]" at components_tb.v(427) File: C:/Users/hovan/Documents/GitHub/hovantproj/FPGA-processor-project/ece2072_project_skeleton/components_tb.v Line: 427
Info (10041): Inferred latch for "reg_data_in16[8]" at components_tb.v(427) File: C:/Users/hovan/Documents/GitHub/hovantproj/FPGA-processor-project/ece2072_project_skeleton/components_tb.v Line: 427
Info (10041): Inferred latch for "reg_data_in16[9]" at components_tb.v(427) File: C:/Users/hovan/Documents/GitHub/hovantproj/FPGA-processor-project/ece2072_project_skeleton/components_tb.v Line: 427
Info (10041): Inferred latch for "reg_data_in16[10]" at components_tb.v(427) File: C:/Users/hovan/Documents/GitHub/hovantproj/FPGA-processor-project/ece2072_project_skeleton/components_tb.v Line: 427
Info (10041): Inferred latch for "reg_data_in16[11]" at components_tb.v(427) File: C:/Users/hovan/Documents/GitHub/hovantproj/FPGA-processor-project/ece2072_project_skeleton/components_tb.v Line: 427
Info (10041): Inferred latch for "reg_data_in16[12]" at components_tb.v(427) File: C:/Users/hovan/Documents/GitHub/hovantproj/FPGA-processor-project/ece2072_project_skeleton/components_tb.v Line: 427
Info (10041): Inferred latch for "reg_data_in16[13]" at components_tb.v(427) File: C:/Users/hovan/Documents/GitHub/hovantproj/FPGA-processor-project/ece2072_project_skeleton/components_tb.v Line: 427
Info (10041): Inferred latch for "reg_data_in16[14]" at components_tb.v(427) File: C:/Users/hovan/Documents/GitHub/hovantproj/FPGA-processor-project/ece2072_project_skeleton/components_tb.v Line: 427
Info (10041): Inferred latch for "reg_data_in16[15]" at components_tb.v(427) File: C:/Users/hovan/Documents/GitHub/hovantproj/FPGA-processor-project/ece2072_project_skeleton/components_tb.v Line: 427
Info (10041): Inferred latch for "reg_rst" at components_tb.v(486) File: C:/Users/hovan/Documents/GitHub/hovantproj/FPGA-processor-project/ece2072_project_skeleton/components_tb.v Line: 486
Info (10041): Inferred latch for "sel[0]" at components_tb.v(419) File: C:/Users/hovan/Documents/GitHub/hovantproj/FPGA-processor-project/ece2072_project_skeleton/components_tb.v Line: 419
Info (10041): Inferred latch for "sel[1]" at components_tb.v(419) File: C:/Users/hovan/Documents/GitHub/hovantproj/FPGA-processor-project/ece2072_project_skeleton/components_tb.v Line: 419
Info (10041): Inferred latch for "sel[2]" at components_tb.v(419) File: C:/Users/hovan/Documents/GitHub/hovantproj/FPGA-processor-project/ece2072_project_skeleton/components_tb.v Line: 419
Info (10041): Inferred latch for "sel[3]" at components_tb.v(419) File: C:/Users/hovan/Documents/GitHub/hovantproj/FPGA-processor-project/ece2072_project_skeleton/components_tb.v Line: 419
Info (10041): Inferred latch for "alu_input_b[0]" at components_tb.v(391) File: C:/Users/hovan/Documents/GitHub/hovantproj/FPGA-processor-project/ece2072_project_skeleton/components_tb.v Line: 391
Info (10041): Inferred latch for "alu_input_b[1]" at components_tb.v(391) File: C:/Users/hovan/Documents/GitHub/hovantproj/FPGA-processor-project/ece2072_project_skeleton/components_tb.v Line: 391
Info (10041): Inferred latch for "alu_input_b[2]" at components_tb.v(391) File: C:/Users/hovan/Documents/GitHub/hovantproj/FPGA-processor-project/ece2072_project_skeleton/components_tb.v Line: 391
Info (10041): Inferred latch for "alu_input_b[3]" at components_tb.v(391) File: C:/Users/hovan/Documents/GitHub/hovantproj/FPGA-processor-project/ece2072_project_skeleton/components_tb.v Line: 391
Info (10041): Inferred latch for "alu_input_b[4]" at components_tb.v(391) File: C:/Users/hovan/Documents/GitHub/hovantproj/FPGA-processor-project/ece2072_project_skeleton/components_tb.v Line: 391
Info (10041): Inferred latch for "alu_input_b[5]" at components_tb.v(391) File: C:/Users/hovan/Documents/GitHub/hovantproj/FPGA-processor-project/ece2072_project_skeleton/components_tb.v Line: 391
Info (10041): Inferred latch for "alu_input_b[6]" at components_tb.v(391) File: C:/Users/hovan/Documents/GitHub/hovantproj/FPGA-processor-project/ece2072_project_skeleton/components_tb.v Line: 391
Info (10041): Inferred latch for "alu_input_b[7]" at components_tb.v(391) File: C:/Users/hovan/Documents/GitHub/hovantproj/FPGA-processor-project/ece2072_project_skeleton/components_tb.v Line: 391
Info (10041): Inferred latch for "alu_input_b[8]" at components_tb.v(391) File: C:/Users/hovan/Documents/GitHub/hovantproj/FPGA-processor-project/ece2072_project_skeleton/components_tb.v Line: 391
Info (10041): Inferred latch for "alu_input_b[9]" at components_tb.v(391) File: C:/Users/hovan/Documents/GitHub/hovantproj/FPGA-processor-project/ece2072_project_skeleton/components_tb.v Line: 391
Info (10041): Inferred latch for "alu_input_b[10]" at components_tb.v(391) File: C:/Users/hovan/Documents/GitHub/hovantproj/FPGA-processor-project/ece2072_project_skeleton/components_tb.v Line: 391
Info (10041): Inferred latch for "alu_input_b[11]" at components_tb.v(391) File: C:/Users/hovan/Documents/GitHub/hovantproj/FPGA-processor-project/ece2072_project_skeleton/components_tb.v Line: 391
Info (10041): Inferred latch for "alu_input_b[12]" at components_tb.v(391) File: C:/Users/hovan/Documents/GitHub/hovantproj/FPGA-processor-project/ece2072_project_skeleton/components_tb.v Line: 391
Info (10041): Inferred latch for "alu_input_b[13]" at components_tb.v(391) File: C:/Users/hovan/Documents/GitHub/hovantproj/FPGA-processor-project/ece2072_project_skeleton/components_tb.v Line: 391
Info (10041): Inferred latch for "alu_input_b[14]" at components_tb.v(391) File: C:/Users/hovan/Documents/GitHub/hovantproj/FPGA-processor-project/ece2072_project_skeleton/components_tb.v Line: 391
Info (10041): Inferred latch for "alu_input_b[15]" at components_tb.v(391) File: C:/Users/hovan/Documents/GitHub/hovantproj/FPGA-processor-project/ece2072_project_skeleton/components_tb.v Line: 391
Info (10041): Inferred latch for "alu_input_a[0]" at components_tb.v(391) File: C:/Users/hovan/Documents/GitHub/hovantproj/FPGA-processor-project/ece2072_project_skeleton/components_tb.v Line: 391
Info (10041): Inferred latch for "alu_input_a[1]" at components_tb.v(391) File: C:/Users/hovan/Documents/GitHub/hovantproj/FPGA-processor-project/ece2072_project_skeleton/components_tb.v Line: 391
Info (10041): Inferred latch for "alu_input_a[2]" at components_tb.v(391) File: C:/Users/hovan/Documents/GitHub/hovantproj/FPGA-processor-project/ece2072_project_skeleton/components_tb.v Line: 391
Info (10041): Inferred latch for "alu_input_a[3]" at components_tb.v(391) File: C:/Users/hovan/Documents/GitHub/hovantproj/FPGA-processor-project/ece2072_project_skeleton/components_tb.v Line: 391
Info (10041): Inferred latch for "alu_input_a[4]" at components_tb.v(391) File: C:/Users/hovan/Documents/GitHub/hovantproj/FPGA-processor-project/ece2072_project_skeleton/components_tb.v Line: 391
Info (10041): Inferred latch for "alu_input_a[5]" at components_tb.v(391) File: C:/Users/hovan/Documents/GitHub/hovantproj/FPGA-processor-project/ece2072_project_skeleton/components_tb.v Line: 391
Info (10041): Inferred latch for "alu_input_a[6]" at components_tb.v(391) File: C:/Users/hovan/Documents/GitHub/hovantproj/FPGA-processor-project/ece2072_project_skeleton/components_tb.v Line: 391
Info (10041): Inferred latch for "alu_input_a[7]" at components_tb.v(391) File: C:/Users/hovan/Documents/GitHub/hovantproj/FPGA-processor-project/ece2072_project_skeleton/components_tb.v Line: 391
Info (10041): Inferred latch for "alu_input_a[8]" at components_tb.v(391) File: C:/Users/hovan/Documents/GitHub/hovantproj/FPGA-processor-project/ece2072_project_skeleton/components_tb.v Line: 391
Info (10041): Inferred latch for "alu_input_a[9]" at components_tb.v(391) File: C:/Users/hovan/Documents/GitHub/hovantproj/FPGA-processor-project/ece2072_project_skeleton/components_tb.v Line: 391
Info (10041): Inferred latch for "alu_input_a[10]" at components_tb.v(391) File: C:/Users/hovan/Documents/GitHub/hovantproj/FPGA-processor-project/ece2072_project_skeleton/components_tb.v Line: 391
Info (10041): Inferred latch for "alu_input_a[11]" at components_tb.v(391) File: C:/Users/hovan/Documents/GitHub/hovantproj/FPGA-processor-project/ece2072_project_skeleton/components_tb.v Line: 391
Info (10041): Inferred latch for "alu_input_a[12]" at components_tb.v(391) File: C:/Users/hovan/Documents/GitHub/hovantproj/FPGA-processor-project/ece2072_project_skeleton/components_tb.v Line: 391
Info (10041): Inferred latch for "alu_input_a[13]" at components_tb.v(391) File: C:/Users/hovan/Documents/GitHub/hovantproj/FPGA-processor-project/ece2072_project_skeleton/components_tb.v Line: 391
Info (10041): Inferred latch for "alu_input_a[14]" at components_tb.v(391) File: C:/Users/hovan/Documents/GitHub/hovantproj/FPGA-processor-project/ece2072_project_skeleton/components_tb.v Line: 391
Info (10041): Inferred latch for "alu_input_a[15]" at components_tb.v(391) File: C:/Users/hovan/Documents/GitHub/hovantproj/FPGA-processor-project/ece2072_project_skeleton/components_tb.v Line: 391
Info (10041): Inferred latch for "alu_op[0]" at components_tb.v(391) File: C:/Users/hovan/Documents/GitHub/hovantproj/FPGA-processor-project/ece2072_project_skeleton/components_tb.v Line: 391
Info (10041): Inferred latch for "alu_op[1]" at components_tb.v(391) File: C:/Users/hovan/Documents/GitHub/hovantproj/FPGA-processor-project/ece2072_project_skeleton/components_tb.v Line: 391
Info (10041): Inferred latch for "alu_op[2]" at components_tb.v(391) File: C:/Users/hovan/Documents/GitHub/hovantproj/FPGA-processor-project/ece2072_project_skeleton/components_tb.v Line: 391
Info (10041): Inferred latch for "tick_enable" at components_tb.v(116) File: C:/Users/hovan/Documents/GitHub/hovantproj/FPGA-processor-project/ece2072_project_skeleton/components_tb.v Line: 116
Info (10041): Inferred latch for "tick_rst" at components_tb.v(116) File: C:/Users/hovan/Documents/GitHub/hovantproj/FPGA-processor-project/ece2072_project_skeleton/components_tb.v Line: 116
Info (10041): Inferred latch for "sign_ext_in[0]" at components_tb.v(108) File: C:/Users/hovan/Documents/GitHub/hovantproj/FPGA-processor-project/ece2072_project_skeleton/components_tb.v Line: 108
Info (10041): Inferred latch for "sign_ext_in[1]" at components_tb.v(108) File: C:/Users/hovan/Documents/GitHub/hovantproj/FPGA-processor-project/ece2072_project_skeleton/components_tb.v Line: 108
Info (10041): Inferred latch for "sign_ext_in[2]" at components_tb.v(108) File: C:/Users/hovan/Documents/GitHub/hovantproj/FPGA-processor-project/ece2072_project_skeleton/components_tb.v Line: 108
Info (10041): Inferred latch for "sign_ext_in[3]" at components_tb.v(108) File: C:/Users/hovan/Documents/GitHub/hovantproj/FPGA-processor-project/ece2072_project_skeleton/components_tb.v Line: 108
Info (10041): Inferred latch for "sign_ext_in[4]" at components_tb.v(108) File: C:/Users/hovan/Documents/GitHub/hovantproj/FPGA-processor-project/ece2072_project_skeleton/components_tb.v Line: 108
Info (10041): Inferred latch for "sign_ext_in[5]" at components_tb.v(108) File: C:/Users/hovan/Documents/GitHub/hovantproj/FPGA-processor-project/ece2072_project_skeleton/components_tb.v Line: 108
Info (10041): Inferred latch for "sign_ext_in[6]" at components_tb.v(108) File: C:/Users/hovan/Documents/GitHub/hovantproj/FPGA-processor-project/ece2072_project_skeleton/components_tb.v Line: 108
Info (10041): Inferred latch for "sign_ext_in[7]" at components_tb.v(108) File: C:/Users/hovan/Documents/GitHub/hovantproj/FPGA-processor-project/ece2072_project_skeleton/components_tb.v Line: 108
Info (10041): Inferred latch for "sign_ext_in[8]" at components_tb.v(108) File: C:/Users/hovan/Documents/GitHub/hovantproj/FPGA-processor-project/ece2072_project_skeleton/components_tb.v Line: 108
Info (12128): Elaborating entity "sign_extend" for hierarchy "sign_extend:sign_extend" File: C:/Users/hovan/Documents/GitHub/hovantproj/FPGA-processor-project/ece2072_project_skeleton/components_tb.v Line: 16
Info (12128): Elaborating entity "tick_FSM" for hierarchy "tick_FSM:tick_FSM" File: C:/Users/hovan/Documents/GitHub/hovantproj/FPGA-processor-project/ece2072_project_skeleton/components_tb.v Line: 24
Info (10264): Verilog HDL Case Statement information at components.v(44): all case item expressions in this case statement are onehot File: C:/Users/hovan/Documents/GitHub/hovantproj/FPGA-processor-project/ece2072_project_skeleton/components.v Line: 44
Info (12128): Elaborating entity "ALU" for hierarchy "ALU:ALU" File: C:/Users/hovan/Documents/GitHub/hovantproj/FPGA-processor-project/ece2072_project_skeleton/components_tb.v Line: 32
Info (12128): Elaborating entity "multiplexer" for hierarchy "multiplexer:multiplexer" File: C:/Users/hovan/Documents/GitHub/hovantproj/FPGA-processor-project/ece2072_project_skeleton/components_tb.v Line: 38
Info (12128): Elaborating entity "register_n" for hierarchy "register_n:register_n16" File: C:/Users/hovan/Documents/GitHub/hovantproj/FPGA-processor-project/ece2072_project_skeleton/components_tb.v Line: 53
Info (12128): Elaborating entity "register_n" for hierarchy "register_n:register_n32" File: C:/Users/hovan/Documents/GitHub/hovantproj/FPGA-processor-project/ece2072_project_skeleton/components_tb.v Line: 54
Warning (12011): Net is missing source, defaulting to GND
    Warning (12110): Net "reg_clk" is missing source, defaulting to GND File: C:/Users/hovan/Documents/GitHub/hovantproj/FPGA-processor-project/ece2072_project_skeleton/components_tb.v Line: 42
Warning (12011): Net is missing source, defaulting to GND
    Warning (12110): Net "reg_clk" is missing source, defaulting to GND File: C:/Users/hovan/Documents/GitHub/hovantproj/FPGA-processor-project/ece2072_project_skeleton/components_tb.v Line: 42
Warning (12011): Net is missing source, defaulting to GND
    Warning (12110): Net "reg_clk" is missing source, defaulting to GND File: C:/Users/hovan/Documents/GitHub/hovantproj/FPGA-processor-project/ece2072_project_skeleton/components_tb.v Line: 42
Warning (12011): Net is missing source, defaulting to GND
    Warning (12110): Net "tick_clk" is missing source, defaulting to GND File: C:/Users/hovan/Documents/GitHub/hovantproj/FPGA-processor-project/ece2072_project_skeleton/components_tb.v Line: 19
    Warning (12110): Net "reg_clk" is missing source, defaulting to GND File: C:/Users/hovan/Documents/GitHub/hovantproj/FPGA-processor-project/ece2072_project_skeleton/components_tb.v Line: 42
Warning (12011): Net is missing source, defaulting to GND
    Warning (12110): Net "tick_clk" is missing source, defaulting to GND File: C:/Users/hovan/Documents/GitHub/hovantproj/FPGA-processor-project/ece2072_project_skeleton/components_tb.v Line: 19
    Warning (12110): Net "reg_clk" is missing source, defaulting to GND File: C:/Users/hovan/Documents/GitHub/hovantproj/FPGA-processor-project/ece2072_project_skeleton/components_tb.v Line: 42
Info: Quartus Prime Analysis & Elaboration was successful. 0 errors, 49 warnings
    Info: Peak virtual memory: 4713 megabytes
    Info: Processing ended: Wed Sep 30 22:13:15 2026
    Info: Elapsed time: 00:00:08
    Info: Total CPU time (on all processors): 00:00:17


